// Jest Snapshot v1, https://goo.gl/fbAQLP

exports[`<Profile/> matches snapshot 1`] = `
<Profile
  name="kyubong"
  username="jeanoza"
>
  <div>
    <b>
      jeanoza
    </b>
    Â 
    <span>
      (
      kyubong
      )
    </span>
  </div>
</Profile>
`;
