// Jest Snapshot v1, https://goo.gl/fbAQLP

exports[`<Profile/> matches snapshot 1`] = `
<div>
  <div>
    <b>
      jeanoza
    </b>
    Â 
    <span>
      (
      Kyubong
      )
    </span>
  </div>
</div>
`;
